
> @ test /app
> NODE_PATH=node_modules node --test --test-reporter=spec

▶ escapeHTML
  ✔ returns empty string for null, undefined, or empty string (0.903262ms)
  ✔ returns the same string if no special characters are present (0.246867ms)
  ✔ escapes ampersand (&) (0.20708ms)
  ✔ escapes less than (<) and greater than (>) (0.19285ms)
  ✔ escapes double quotes (") (0.160153ms)
  ✔ escapes single quotes (') (0.29615ms)
  ✔ escapes multiple occurrences of special characters (0.329032ms)
  ✔ handles non-string types gracefully by converting them to string (0.326124ms)
  ✔ propagates errors thrown during stringification (1.010442ms)
✔ escapeHTML (10.539049ms)
▶ createEl
  ✔ creates an element with just a tag name (1.567041ms)
  ✔ creates an element with a tag name and class name (0.169855ms)
  ✔ creates an element with a tag name, class name, and text content (0.220089ms)
✔ createEl (3.685636ms)
▶ renderInProgressStatus
  ✔ renders correctly with json_data.sha256 (0.457904ms)
  ✔ renders correctly falling back to hybrid_sha when json_data.sha256 is missing (0.20442ms)
✔ renderInProgressStatus (2.339439ms)
▶ renderThreatInfo
  ✔ renders low threat score with text-success class (0.697732ms)
  ✔ renders medium threat score with text-warning class (0.267053ms)
  ✔ renders high threat score with text-danger class (0.202208ms)
  ✔ renders fallback N/A values for missing optional fields (0.199608ms)
  ✔ renders tags correctly when provided as an array (0.248131ms)
✔ renderThreatInfo (3.61889ms)
▶ get_hybrid_report_by_sha256
  ✔ injects Netzwerkfehler message on fetch network failure (1.274756ms)
  ✔ injects API Error message on fetch non-200 status (0.395471ms)
  ✔ calls render_hybrid_report_ui on successful fetch (1.382522ms)
  ✔ calls handle_hybrid_report_error on non-200 fetch status (0.310611ms)
  ✔ calls handle_hybrid_report_fetch_error on fetch exception (0.383408ms)
✔ get_hybrid_report_by_sha256 (5.99771ms)
▶ handle_hybrid_report_fetch_error
  ✔ injects Netzwerkfehler message for fetch error (0.42104ms)
✔ handle_hybrid_report_fetch_error (2.626249ms)
▶ handle_hybrid_report_error
  ✔ injects standard error message on generic non-200 status (0.456776ms)
  ✔ injects standard error message and settings button on 401 status (0.296567ms)
  ✔ injects standard error message and settings button on 403 status (0.204176ms)
✔ handle_hybrid_report_error (3.685945ms)
▶ renderManualUploadUI
  ✔ renders correctly with attachmentName (0.764294ms)
  ✔ renders correctly falling back to Unbekannt if attachmentName is missing (0.25504ms)
✔ renderManualUploadUI (2.67859ms)
▶ renderManualUrlScanUI
  ✔ renders the URL scan UI with correct ID (1.126799ms)
  ✔ handles button click, updates UI and sends scan message (29.147443ms)
✔ renderManualUrlScanUI (32.723381ms)
▶ renderVirusTotalStats
  ✔ should render correct stats for a complete virustotal_stats object (0.635205ms)
  ✔ should handle missing properties by defaulting to 0 (0.329316ms)
  ✔ should handle empty virustotal_stats object by defaulting all to 0 (0.240515ms)
✔ renderVirusTotalStats (4.752714ms)
▶ renderScannerResults
  ✔ should render "Keine Scanner-Ergebnisse verfügbar." if scanners is null or empty (0.663296ms)
  ✔ should render scanner name and status when anti_virus_results is not present (0.309189ms)
  ✔ should render scanner name, status, and anti_virus_results when present (1.063084ms)
✔ renderScannerResults (3.602357ms)
▶ handleUploadClick
  ✔ disables button and updates UI, then handles success (1.355294ms)
  ✔ handles upload failure response correctly (0.738685ms)
  ✔ handles upload exception correctly (1.348261ms)
✔ handleUploadClick (6.334888ms)
▶ createUploadButton
  ✔ renders the upload button and status element correctly (0.599288ms)
  ✔ disables button and updates UI on click, then handles success (1.314054ms)
  ✔ handles upload failure response correctly (0.722807ms)
  ✔ handles upload exception correctly (0.874625ms)
✔ createUploadButton (5.26277ms)
▶ handleUrlScanClick
  ✔ handles success correctly (1.272182ms)
  ✔ handles error response correctly (0.690992ms)
  ✔ handles exception correctly (0.719363ms)
✔ handleUrlScanClick (4.604878ms)
▶ renderActionButtons
  ✔ renders a "Rescan" button and status element for standard attachments (0.403099ms)
  ✔ renders a "CDR" button and status element when attachment ends with .html (0.279423ms)
  ✔ renders a "CDR" button and status element when attachment ends with .htm (0.22235ms)
✔ renderActionButtons (4.515014ms)
▶ setupRescanButton
  ✔ renders the rescan button and status element correctly (0.506446ms)
  ✔ disables button and updates UI on click, then handles success (23.907159ms)
  ✔ handles upload failure response correctly (2.329004ms)
  ✔ handles upload exception correctly (0.978552ms)
✔ setupRescanButton (30.132298ms)
▶ ApiGateway module
  ✔ should fetch and return JSON correctly (3.677278ms)
  ✔ should catch 429 rate limit warning but return response (1.534507ms)
  ✔ should throw timeout error (3.862007ms)
  ✔ should bubble up generic network errors (1.441963ms)
  ✔ should throw on invalid JSON (1.622509ms)
✔ ApiGateway module (13.785157ms)
▶ background.js
  ✔ should initialize successfully (140.99585ms)
  ✔ loadSettings catches and logs storage errors (14.279344ms)
  ✔ loadSettings retrieves API key from storage (13.691052ms)
  ✔ storage.onChanged updates API key dynamically (13.133144ms)
  ✔ storage.onChanged ignores updates from other areas or keys (44.46448ms)
  ✔ get_sha256_hash computes correct hash (32.509194ms)
  ✔ get_sha256_hash throws error if crypto.subtle.digest fails (13.744781ms)
  ✔ tab_mail_open_display processes attachments correctly (18.330448ms)
  ✔ tab_mail_open_display ignores when no attachments (21.292525ms)
  ✔ extractUrls correctly extracts links (15.596096ms)
  ✔ extractUrls filters duplicate URLs (13.000788ms)
  ✔ extractUrls handles URLs with various trailing punctuation (29.628711ms)
  ✔ extractUrls returns empty array for text with no URLs (10.577134ms)
  ✔ extractUrls returns empty array for empty string (10.678751ms)
  ✔ filterUrls correctly ignores safe domains (10.456996ms)
  ✔ filterUrls correctly ignores subdomains of safe domains (10.419113ms)
  ✔ filterUrls removes invalid URLs (16.45179ms)
  ✔ filterUrls triggers exception block for malformed URLs (24.23855ms)
  ✔ filterUrls handles empty array (10.179049ms)
  ✔ handleUrlScan successfully uploads and updates DB (10.269488ms)
  ✔ sent_to_hybrid_by_attachment skips ignored content types (10.393796ms)
  ✔ sent_to_hybrid_by_attachment processes valid attachments (known file) (25.716199ms)
  ✔ sent_to_hybrid_by_attachment processes valid attachments (unknown file) (27.800837ms)
  ✔ handleManualUpload successfully uploads and updates DB (10.72228ms)
  ✔ handleManualUpload throws error on failed upload (10.690409ms)
  ✔ runtime.onMessage listener processes uploadAttachment action (13.564007ms)
  ✔ runtime.onMessage requestScan returns permission_denied when request fails (11.96572ms)
  ✔ runtime.onMessage requestScan asks for permission and runs scan when granted (12.224663ms)
  ▶ checkVirusTotalIP
    ✔ returns true if malicious > 0 (11.118299ms)
    ✔ returns false if malicious === 0 (10.146971ms)
    ✔ returns false if data is missing (22.32529ms)
    ✔ returns false and logs error on fetch failure (10.091939ms)
  ✔ checkVirusTotalIP (54.098218ms)
  ▶ checkAbuseIPDB
    ✔ returns true if abuse confidence score is > 50 (10.021093ms)
    ✔ returns false if abuse confidence score is <= 50 (10.046827ms)
    ✔ returns false and handles error gracefully on fetch network failure (10.412808ms)
    ✔ returns false and handles error gracefully on fetch json parse failure (10.205347ms)
  ✔ checkAbuseIPDB (40.997843ms)
  ▶ checkVirusTotal
    ✔ returns null if apikey is not provided (32.205709ms)
    ✔ returns last_analysis_stats on successful response with status 200 (10.561687ms)
    ✔ returns null on response with status 200 but missing JSON structure (11.91901ms)
    ✔ returns null on response with status other than 200 (10.189668ms)
    ✔ returns null and handles error safely on fetch failure (9.984524ms)
  ✔ checkVirusTotal (75.23612ms)
  ▶ checkUrlscanIo
    ✔ returns null if no apikey (10.352377ms)
    ✔ handles 400 error correctly (9.911091ms)
    ✔ handles successful scan and result polling (malicious overall) (22.736375ms)
    ✔ handles successful scan and result polling (malicious brand) (12.597853ms)
    ✔ handles successful scan and result polling (clean) (12.159792ms)
    ✔ handles successful scan but polling timeout (12.505846ms)
    ✔ handles fetch failure/exception gracefully (11.93396ms)
  ✔ checkUrlscanIo (92.713592ms)
  ▶ evaluateUrlhaus
    ✔ returns unchanged score and reasons for empty array (11.809915ms)
    ✔ returns unchanged score and reasons for undefined urlhausDomains (11.925034ms)
    ✔ increases score and adds reason for each domain in the array (21.0779ms)
  ✔ evaluateUrlhaus (45.090354ms)
  ▶ evaluateReplyTo
    ✔ extracts email normally with matching brackets (10.009621ms)
    ✔ handles strings with no angle brackets (9.652027ms)
    ✔ detects domain discrepancy and increases score (9.920478ms)
    ✔ handles missing closing bracket (9.51698ms)
    ✔ handles missing opening bracket (9.661125ms)
    ✔ handles multiple and mismatched brackets (9.89881ms)
    ✔ handles empty brackets (9.806469ms)
  ✔ evaluateReplyTo (68.990349ms)
  ▶ evaluateBehavior
    ✔ returns initial score when no urgency words and not first communication (9.931953ms)
    ✔ increases score by 10 for first communication without urgency words (9.524262ms)
    ✔ increases score by 20 and logs urgency words when not first communication (18.898507ms)
    ✔ increases score by 50 and logs BEC for first communication with urgency words (13.995299ms)
    ✔ handles case insensitivity correctly (10.89118ms)
    ✔ deduplicates urgency words (10.995471ms)
  ✔ evaluateBehavior (74.704183ms)
  ▶ evaluateLinks
    ✔ ignores invalid URLs without throwing an error (12.167216ms)
    ✔ increases score if no link matches sender domain (22.549239ms)
  ✔ evaluateLinks (34.976105ms)
  ▶ evaluateSenderDomain
    ✔ returns initial score when senderDomain is empty (9.774103ms)
    ✔ identifies exact known brands without increasing score (9.436131ms)
    ✔ increases score for typosquatted known brands (levenshtein distance 1 or 2) (9.629759ms)
    ✔ does not increase score for completely unknown, unrelated domains (9.764731ms)
    ✔ ignores short domains from typosquatting checks to prevent false positives (9.577514ms)
  ✔ evaluateSenderDomain (48.592417ms)
  ▶ getHostnameOptimized
    ✔ extracts hostname from http URL (9.655215ms)
    ✔ extracts hostname from https URL (18.332829ms)
    ✔ converts hostname to lowercase (9.556283ms)
    ✔ returns null for invalid URLs (9.482548ms)
    ✔ returns null for empty string (9.441952ms)
    ✔ returns null for null/undefined input (9.49825ms)
  ✔ getHostnameOptimized (66.447425ms)
  ▶ calculateThreatScore
    ✔ calculates threat score correctly for spf=fail (9.839384ms)
    ✔ calculates threat score correctly for dkim=fail (9.707936ms)
    ✔ calculates threat score correctly for dmarc=fail (20.833584ms)
    ✔ calculates threat score correctly for auth pass (11.538751ms)
    ✔ calculates threat score correctly for urlhaus blacklisted domain (11.634509ms)
    ✔ calculates threat score correctly for typosquatting sender (11.051408ms)
    ✔ calculates threat score correctly for domain mismatch (11.397414ms)
    ✔ calculates threat score correctly for typosquatting link and mismatch (11.112678ms)
    ✔ calculates threat score correctly for legitimate emails (10.96279ms)
    ✔ calculates threat score correctly for legitimate emails with subdomain sender and root link (29.670731ms)
    ✔ calculates threat score correctly for reply-to discrepancy (10.476518ms)
    ✔ calculates threat score correctly for BEC first comm + urgency (12.412961ms)
    ✔ calculates threat score correctly for urgency without first comm (11.471269ms)
    ✔ calculates threat score correctly for first comm without urgency (11.007574ms)
    ✔ calculates threat score correctly for custom blacklist exact match (11.323042ms)
    ✔ calculates threat score correctly for custom blacklist domain match (13.386921ms)
    ✔ calculates threat score correctly for custom whitelist exact match (36.720403ms)
    ✔ calculates threat score correctly for custom whitelist domain match (17.918461ms)
  ✔ calculateThreatScore (263.995293ms)
  ▶ handleDownloadDisarmed
    ✔ disarms HTML and triggers download with safe name (32.373553ms)
    ✔ appends .html to files missing html extension (19.395606ms)
    ✔ sanitizes malicious attachment names (21.076184ms)
  ✔ handleDownloadDisarmed (73.31409ms)
  ▶ injectTimeOfClickProtection
    ✔ injects script when timeOfClickProtection is true and filteredUrls exist (15.190306ms)
    ✔ does not inject script when timeOfClickProtection is false (30.704591ms)
    ✔ does not inject script when filteredUrls is empty (15.462198ms)
    ✔ handles executeScript error gracefully (20.98569ms)
  ✔ injectTimeOfClickProtection (82.883332ms)
  ▶ tab_mail_open_display with threat score
    ✔ injects warning banner if score >= 50 (16.773765ms)
    ✔ does not inject warning banner if score < 50 (17.317165ms)
    ✔ does not inject warning banner if score === 0 (17.135783ms)
  ✔ tab_mail_open_display with threat score (51.62449ms)
  ▶ extractTextFromParts
    ✔ extracts text from plain text parts (17.039322ms)
    ✔ extracts text from HTML parts (34.860905ms)
    ✔ ignores parts that are not text/plain or text/html (17.223673ms)
    ✔ handles parts with missing body safely (16.873669ms)
    ✔ recursively extracts text from nested subparts (18.102136ms)
  ✔ extractTextFromParts (104.800671ms)
  ▶ disarmHTML
    ✔ removes script tags and their content (18.715713ms)
    ✔ removes inline event handlers (23.380642ms)
    ✔ removes javascript URIs (66.102526ms)
    ✔ removes object, embed, iframe (23.457399ms)
    ✔ prevents javascript URI evasion (19.979005ms)
    ✔ removes data and vbscript URIs (19.688785ms)
    ✔ removes base and meta tags (20.397828ms)
    ✔ sanitizes action, formaction, and xlink:href attributes (24.396614ms)
    ✔ prevents mXSS bypasses using template, math, svg, and noscript (48.511392ms)
  ✔ disarmHTML (265.788452ms)
  ▶ checkLists
    ✔ returns null if lists are empty or undefined (14.573114ms)
    ✔ matches exact email on blacklist (17.654742ms)
    ✔ matches exact domain on blacklist (15.104314ms)
    ✔ matches subdomain on blacklist (14.75403ms)
    ✔ matches exact email on whitelist (15.412631ms)
    ✔ matches exact domain on whitelist (16.960271ms)
    ✔ matches subdomain on whitelist (26.529466ms)
    ✔ prioritizes blacklist over whitelist if both match (10.190122ms)
    ✔ returns null if no matches in non-empty lists (10.00715ms)
  ✔ checkLists (142.002922ms)
  ▶ extractPublicIPs
    ✔ should return empty array for null/undefined/empty headers (10.977194ms)
    ✔ should filter out private and local IPs (11.266521ms)
    ✔ should extract public IPs correctly (9.946835ms)
    ✔ should return unique public IPs when there are duplicates (9.924768ms)
    ✔ should ignore non-IP numbers (17.987047ms)
  ✔ extractPublicIPs (60.510829ms)
  ▶ checkIPReputation
    ✔ should return empty array if provider is none (10.451375ms)
    ✔ should return empty array if api key is missing (10.069071ms)
    ✔ should call checkAbuseIPDB when provider is abuseipdb (10.238793ms)
    ✔ should call checkVirusTotalIP when provider is virustotal (9.967397ms)
    ✔ should use the cache for repeated IP checks (39.242735ms)
    ✔ should handle errors thrown by checkAbuseIPDB gracefully (10.659312ms)
    ✔ should handle errors thrown by checkVirusTotalIP gracefully (10.257298ms)
  ✔ checkIPReputation (101.399075ms)
  ▶ checkURLhausDomains
    ✔ ignores invalid URLs without throwing an error (10.4551ms)
    ✔ returns malicious domains for valid URLs (10.08928ms)
    ✔ should use the cache for repeated domain checks (44.278178ms)
  ✔ checkURLhausDomains (65.072927ms)
  ▶ IndexedDB Catch Blocks
    ✔ tests catch block in indexedDB_save_links_objects_to_db (11.20364ms)
    ✔ tests catch block in indexedDB_save_links_to_db (10.160622ms)
  ✔ IndexedDB Catch Blocks (21.525891ms)
  ▶ evaluateAuthHeaders
    ✔ should return neutral and unchanged score for empty or null headers (9.950561ms)
    ✔ should return fail and increase score for a single failure (SPF) (18.778031ms)
    ✔ should handle multiple failures and increase score for each (10.079188ms)
    ✔ should return pass if SPF, DKIM, and DMARC all pass (10.420902ms)
    ✔ should return neutral for partial passes without any failures (10.700587ms)
    ✔ should handle case insensitivity correctly (10.026804ms)
  ✔ evaluateAuthHeaders (70.357324ms)
  ▶ checkFirstCommunication
    ✔ returns false if browser.messages.query is not supported (10.599913ms)
    ✔ returns false and does not query if sender is in knownSendersCache (13.724999ms)
    ✔ returns true if previousMsgs is empty and does not add to cache (16.939771ms)
    ✔ returns false if previousMsgs is not empty and adds sender to cache (23.673106ms)
    ✔ evicts oldest knownSendersCache entry if it exceeds MAX_KNOWN_SENDERS (10.73038ms)
    ✔ handles exceptions from browser.messages.query gracefully and returns false (10.409604ms)
  ✔ checkFirstCommunication (86.509079ms)
  ▶ handleCheckLinkState
    ▶ checkHybridAnalysisVerdict
      ✔ should return fallbackState if apikey_hybridanalysis is missing (11.044709ms)
      ✔ should return fallbackState if hybrid_sha256 is falsy (10.028307ms)
      ✔ should return CLEAN if verdict is no specific threat (10.05688ms)
      ✔ should return uppercase verdict if verdict is specific threat (20.978784ms)
      ✔ should return fallbackState if fetch throws an error (10.657859ms)
      ✔ should return fallbackState if verdict is missing in response (10.471564ms)
    ✔ checkHybridAnalysisVerdict (73.660499ms)
    ▶ handle_unknown_attachment
      ✔ should auto-upload when privacyTier is balanced or max (9.987792ms)
      ✔ returns UNKNOWN if no active message or headerMessageId (10.38323ms)
      ✔ returns UNKNOWN if no link object is found and urlscan is disabled (10.700154ms)
      ✔ checks urlscan.io if no link object is found and urlscan is active, returning MALICIOUS (2017.470979ms)
      ✔ returns linkObj state if urlscan is clean and hybrid_sha256 is missing (44.170535ms)
      ✔ fetches overview from hybrid analysis if hybrid_sha256 exists, returning CLEAN for no specific threat (23.701213ms)
      ✔ fetches overview from hybrid analysis, returning UPPERCASE verdict for threats (21.491067ms)
      ✔ falls back to link state if hybrid analysis fetch throws an error (26.038028ms)
      ✔ returns ERROR on generic unexpected errors in the main flow (41.062363ms)
    ✔ handle_unknown_attachment (2207.512167ms)
    ▶ extractEmailAddress
      ✔ returns plain email unchanged (17.476428ms)
      ✔ extracts email from brackets (23.509421ms)
      ✔ converts to lowercase (10.551726ms)
      ✔ handles missing ending bracket (9.975943ms)
      ✔ handles empty string (10.108353ms)
      ✔ handles string with only brackets (9.830733ms)
    ✔ extractEmailAddress (81.887592ms)
    ▶ getHybridAnalysisOptions
      ✔ should throw Error if apikey_hybridanalysis is missing (10.313321ms)
      ✔ should return basic options for GET request without body or isUrl (21.778451ms)
      ✔ should add body and scan_type header for POST request with body (10.61938ms)
      ✔ should add Content-Type header if isUrl is true (10.916991ms)
    ✔ getHybridAnalysisOptions (53.907567ms)
  ✔ handleCheckLinkState (2417.373691ms)
✔ background.js (5010.846819ms)
▶ content_script.js
  ✔ should create warning modal with MALICIOUS_VISUAL state and reasons (236.930502ms)
  ✔ should create standard warning modal with UNKNOWN state (25.519221ms)
  ✔ should ignore non-link clicks (26.463191ms)
  ✔ should allow legitimate non-HTTP(S) protocols like mailto: (28.355157ms)
  ✔ should block unhandled risky protocols like file: (18.915501ms)
  ✔ should block dangerous URIs like javascript: and data: (20.891333ms)
  ✔ should ignore malformed URLs that fail parsing (20.76844ms)
Not implemented: navigation to another Document
Not implemented: navigation to another Document
  ✔ should allow the click when status is CLEAN (42.914981ms)
  ✔ should show a loading modal and then a warning modal when status is UNKNOWN (35.429814ms)
  ✔ should show MALICIOUS_VISUAL warning modal with reasons (24.708525ms)
  ✔ should show a warning modal when sendMessage throws an error (26.735289ms)
  ✔ should remove the warning modal when Cancel is clicked (31.242769ms)
  ✔ should remove the warning modal when Escape key is pressed (22.697577ms)
  ✔ should remove the warning modal and allow click when Open Anyway is clicked (23.78679ms)
  ▶ createWarningModal
    ✔ should create modal elements correctly with expected classes and ARIA attributes (14.507239ms)
    ✔ should render correct text and reasons list when status is MALICIOUS_VISUAL (17.415004ms)
    ✔ should create buttons with correct classes and functionality (14.713799ms)
  ✔ createWarningModal (47.035808ms)
✔ content_script.js (635.428538ms)
Not implemented: navigation to another Document
▶ db.js module
  ✔ should create object store in onupgradeneeded if it does not exist (12.359265ms)
  ✔ should not create object store in onupgradeneeded if it already exists (11.06111ms)
  ✔ should resolve openDB correctly on success (12.2467ms)
  ✔ should clearStore correctly (11.41291ms)
  ✔ should resolve getFromStore correctly on success (13.143193ms)
  ✔ should resolve getFromStore correctly when item not found (12.667537ms)
  ✔ should reject getFromStore correctly on error (12.165737ms)
  ✔ should resolve getFromStore correctly when key is not found (12.49203ms)
  ✔ should reject getFromStore correctly with fallback error message (13.064525ms)
  ✔ should resolve updateStore correctly on success (23.496413ms)
  ✔ should reject updateStore correctly on get error (11.376902ms)
  ✔ should reject updateStore correctly on put error (21.830757ms)
  ✔ should resolve putToStore correctly on success (12.306374ms)
  ✔ should reject putToStore correctly on error (11.48751ms)
✔ db.js module (194.666772ms)
Clicking with empty input...
Clicking with valid input...
Form submitted!
✔ form_test.js (1158.243653ms)
▶ options.js
  ✔ should load settings on DOMContentLoaded (269.812413ms)
  ✔ should save settings when save button is clicked (45.229968ms)
  ✔ should handle save error (39.205969ms)
  ✔ should clear cache when clearCache button is clicked (success) (37.603772ms)
  ✔ should not clear cache when confirmation is cancelled (34.410218ms)
  ✔ should display info if cache is already empty or DB does not exist (35.361722ms)
  ✔ should handle clear cache error (33.12744ms)
✔ options.js (499.075866ms)
✔ vt_test.js (42.65161ms)
ℹ tests 282
ℹ suites 50
ℹ pass 282
ℹ fail 0
ℹ cancelled 0
ℹ skipped 0
ℹ todo 0
ℹ duration_ms 12653.220425
